Microchip MPLAB XC8 Compiler V2.10 ()

Linker command line:

-W-3 --edf=C:\Program Files (x86)\Microchip\xc8\v2.10\pic\dat\en_msgs.txt \
  -cs -h+dist/default/debug\finalproject.X.debug.sym \
  --cmf=dist/default/debug\finalproject.X.debug.cmf -z -Q18F26K22 \
  -oC:\Users\k3nn3\AppData\Local\Temp\s4k4.2 --defsym=__MPLAB_BUILD=1 \
  -Mdist/default/debug/finalproject.X.debug.map -E1 -ver=XC8 --acfsm=1493 \
  -ASTACK=0ADh-0F37h -pstack=STACK -ACODE=00h-0FFFFh -ACONST=00h-0FFFFh \
  -ASMALLCONST=01000h-010FFhx240 -AMEDIUMCONST=01000h-0FFFFh \
  -ACOMRAM=01h-05Fh -AABS1=00h-0F37h -ABIGRAM=01h-0F37h \
  -ARAM=060h-0FFh,0100h-01FFhx14,0F00h-0F37h -ABANK0=060h-0FFh \
  -ABANK1=0100h-01FFh -ABANK2=0200h-02FFh -ABANK3=0300h-03FFh \
  -ABANK4=0400h-04FFh -ABANK5=0500h-05FFh -ABANK6=0600h-06FFh \
  -ABANK7=0700h-07FFh -ABANK8=0800h-08FFh -ABANK9=0900h-09FFh \
  -ABANK10=0A00h-0AFFh -ABANK11=0B00h-0BFFh -ABANK12=0C00h-0CFFh \
  -ABANK13=0D00h-0DFFh -ABANK14=0E00h-0EFFh -ABANK15=0F00h-0F37h \
  -ASFR=0F38h-0F5Fh,0F60h-0FFFh \
  -preset_vec=00h,intcode=08h,intcodelo,powerup,init -pramtop=01000h \
  -psmallconst=SMALLCONST -pmediumconst=MEDIUMCONST -pconst=CONST \
  -AFARRAM=00h-00h -ACONFIG=0300000h-030000Dh -pconfig=CONFIG \
  -AIDLOC=0200000h-0200007h -pidloc=IDLOC -AEEDATA=0F00000h-0F003FFh \
  -peeprom_data=EEDATA \
  -prdata=COMRAM,nvrram=COMRAM,nvbit=COMRAM,rbss=COMRAM,rbit=COMRAM \
  -pfarbss=FARRAM,fardata=FARRAM,nvFARRAM=FARRAM \
  -pintsave_regs=BIGRAM,bigbss=BIGRAM,bigdata=BIGRAM -pbss=RAM \
  -pidata=CODE,irdata=CODE,ibigdata=CODE,ifardata=CODE -prparam=COMRAM \
  C:\Users\k3nn3\AppData\Local\Temp\s4k4.o \
  dist/default/debug\finalproject.X.debug.o 

Object code version is 3.11

Machine type is 18F26K22

Call graph: (short form)




                Name                               Link     Load   Length Selector   Space Scale
C:\Users\k3nn3\AppData\Local\Temp\s4k4.o
                init                                 3E       3E        4        4       0
                reset_vec                             0        0        4        0       0
                idloc                            200000   200000        8   200000       0
                config                           300000   300000        E   300000       0
dist/default/debug\finalproject.X.debug.o
                intcode                               8        8       36        4       0
                temp                                 58       58        1        1       1
                mediumconst                        FE9E     FE9E      162     7F4F       0
                text36                              E26      E26        A        4       0
                text35                              90C      90C       AA        4       0
                text34                              E34      E34        2        4       0
                text33                              B8C      B8C       38        4       0
                text31                              C5E      C5E       30        4       0
                text30                              C2E      C2E       30        4       0
                text29                              CE4      CE4       28        4       0
                text28                              DC2      DC2       14        4       0
                text27                              D52      D52       20        4       0
                text26                              D32      D32       20        4       0
                text25                              E1C      E1C        A        4       0
                text24                              E12      E12        A        4       0
                text23                              E08      E08        A        4       0
                text22                              B4E      B4E       3E        4       0
                text21                              E30      E30        4        4       0
                text20                              DE6      DE6        E        4       0
                text19                              C8E      C8E       2E        4       0
                text18                              DFE      DFE        A        4       0
                text17                              BFA      BFA       34        4       0
                text16                              D90      D90       1C        4       0
                text15                              DD6      DD6       10        4       0
                text14                              D0C      D0C       26        4       0
                text13                              DAC      DAC       16        4       0
                text12                              DF4      DF4        A        4       0
                text11                              9B6      9B6       96        4       0
                text10                              B0A      B0A       44        4       0
                text9                               BC4      BC4       36        4       0
                text8                               846      846       C6        4       0
                text7                               AB0      AB0       5A        4       0
                text6                               686      686       F0        4       0
                text5                               776      776       D0        4       0
                text4                               484      484      202        4       0
                text3                               276      276      20E        4       0
                text2                               A4C      A4C       64        4       0
                text1                               CBC      CBC       28        4       0
                text0                                42       42      234        4       0
                cstackCOMRAM                          1        1       51        1       1
                cstackBANK0                          89       89       1A       60       1
                bssBANK0                             60       60       29       60       1
                bssCOMRAM                            52       52        4        1       1
                cinit                               D72      D72       1E        4       0
                nvBANK0                              A3       A3        A       60       1
                nvCOMRAM                             56       56        2        1       1

TOTAL           Name                               Link     Load   Length     Space
        CLASS   STACK          

        CLASS   CODE           
                intcode                               8        8       36         0
                init                                 3E       3E        4         0
                reset_vec                             0        0        4         0
                text36                              E26      E26        A         0
                text35                              90C      90C       AA         0
                text34                              E34      E34        2         0
                text33                              B8C      B8C       38         0
                text31                              C5E      C5E       30         0
                text30                              C2E      C2E       30         0
                text29                              CE4      CE4       28         0
                text28                              DC2      DC2       14         0
                text27                              D52      D52       20         0
                text26                              D32      D32       20         0
                text25                              E1C      E1C        A         0
                text24                              E12      E12        A         0
                text23                              E08      E08        A         0
                text22                              B4E      B4E       3E         0
                text21                              E30      E30        4         0
                text20                              DE6      DE6        E         0
                text19                              C8E      C8E       2E         0
                text18                              DFE      DFE        A         0
                text17                              BFA      BFA       34         0
                text16                              D90      D90       1C         0
                text15                              DD6      DD6       10         0
                text14                              D0C      D0C       26         0
                text13                              DAC      DAC       16         0
                text12                              DF4      DF4        A         0
                text11                              9B6      9B6       96         0
                text10                              B0A      B0A       44         0
                text9                               BC4      BC4       36         0
                text8                               846      846       C6         0
                text7                               AB0      AB0       5A         0
                text6                               686      686       F0         0
                text5                               776      776       D0         0
                text4                               484      484      202         0
                text3                               276      276      20E         0
                text2                               A4C      A4C       64         0
                text1                               CBC      CBC       28         0
                text0                                42       42      234         0
                cinit                               D72      D72       1E         0

        CLASS   CONST          

        CLASS   SMALLCONST     

        CLASS   MEDIUMCONST    
                mediumconst                        FE9E     FE9E      162         0

        CLASS   COMRAM         
                temp                                 58       58        1         1
                cstackCOMRAM                          1        1       51         1
                bssCOMRAM                            52       52        4         1
                nvCOMRAM                             56       56        2         1

        CLASS   ABS1           

        CLASS   BIGRAM         

        CLASS   RAM            

        CLASS   BANK0          
                cstackBANK0                          89       89       1A         1
                bssBANK0                             60       60       29         1
                nvBANK0                              A3       A3        A         1

        CLASS   BANK1          

        CLASS   BANK2          

        CLASS   BANK3          

        CLASS   BANK4          

        CLASS   BANK5          

        CLASS   BANK6          

        CLASS   BANK7          

        CLASS   BANK8          

        CLASS   BANK9          

        CLASS   BANK10         

        CLASS   BANK11         

        CLASS   BANK12         

        CLASS   BANK13         

        CLASS   BANK14         

        CLASS   BANK15         

        CLASS   SFR            

        CLASS   FARRAM         

        CLASS   CONFIG         
                config                           300000   300000        E         0

        CLASS   IDLOC          
                idloc                            200000   200000        8         0

        CLASS   EEDATA         



SEGMENTS        Name                           Load    Length   Top    Selector   Space  Class

                reset_vec                      000000  000004  000004         0       0  CODE    
                cstackCOMRAM                   000001  000058  000059         1       1  COMRAM  
                intcode                        000008  000E2E  000E36         4       0  CODE    
                bssBANK0                       000060  00004D  0000AD        60       1  BANK0   
                mediumconst                    00FE9E  000162  010000      7F4F       0  MEDIUMCO
                idloc                          200000  000008  200008    200000       0  IDLOC   
                config                         300000  00000E  30000E    300000       0  CONFIG  


UNUSED ADDRESS RANGES

        Name                Unused          Largest block    Delta
        BANK0            0000AD-0000FF               53
        BANK1            000100-0001FF              100
        BANK10           000A00-000AFF              100
        BANK11           000B00-000BFF              100
        BANK12           000C00-000CFF              100
        BANK13           000D00-000DFF              100
        BANK14           000E00-000EFF              100
        BANK15           000F00-000F37               38
        BANK2            000200-0002FF              100
        BANK3            000300-0003FF              100
        BANK4            000400-0004FF              100
        BANK5            000500-0005FF              100
        BANK6            000600-0006FF              100
        BANK7            000700-0007FF              100
        BANK8            000800-0008FF              100
        BANK9            000900-0009FF              100
        BIGRAM           000059-00005F                7
                         0000AD-000F37              E8B
        CODE             000004-000007                4
                         000E36-00FE9D             F068
        COMRAM           000059-00005F                7
        CONST            000004-000007                4
                         000E36-00FE9D             F068
        EEDATA           F00000-F003FF              400
        MEDIUMCONST      001000-00FE9D             EE9E
        RAM              0000AD-000F37              100
        SFR              000F38-000FFF               28
        SMALLCONST       001000-00FE9D              100
        STACK            0000AD-000F37              E8B

                                  Symbol Table

?___lodiv                                       cstackCOMRAM 000007
?___lomod                                       cstackCOMRAM 000007
?_ctoa                                          cstackCOMRAM 000024
?_pad                                           cstackCOMRAM 000019
?_printf                                        cstackBANK0  000098
?_strlen                                        cstackCOMRAM 000007
?_utoa                                          cstackCOMRAM 000024
?_vfpfcnvrt                                     cstackCOMRAM 000044
?_vfprintf                                      cstackBANK0  000092
EPWM1_LoadDutyValue@dutyValue                   cstackCOMRAM 000007
EPWM2_LoadDutyValue@dutyValue                   cstackCOMRAM 000007
EUSART1_SetErrorHandler@interruptHandler        cstackCOMRAM 000007
EUSART1_SetFramingErrorHandler@interruptHandler cstackCOMRAM 000007
EUSART1_SetOverrunErrorHandler@interruptHandler cstackCOMRAM 000007
EUSART1_Write@txData                            cstackCOMRAM 000007
TMR0_SetInterruptHandler@InterruptHandler       cstackCOMRAM 000007
TMR0_WriteTimer@timerVal                        cstackCOMRAM 000001
_ANSELA                                         (abs)        000F38
_ANSELB                                         (abs)        000F39
_ANSELC                                         (abs)        000F3A
_BAUDCON1                                       (abs)        000FB8
_CCP1CON                                        (abs)        000FBD
_CCP2CON                                        (abs)        000F66
_CCPR1H                                         (abs)        000FBF
_CCPR1L                                         (abs)        000FBE
_CCPR2H                                         (abs)        000F68
_CCPR2L                                         (abs)        000F67
_CCPTMRS0bits                                   (abs)        000F49
_ECCP1AS                                        (abs)        000FB6
_ECCP2AS                                        (abs)        000F64
_EPWM1_Initialize                               text27       000D52
_EPWM1_LoadDutyValue                            text31       000C5E
_EPWM2_Initialize                               text26       000D32
_EPWM2_LoadDutyValue                            text30       000C2E
_EUSART1_DefaultErrorHandler                    (abs)        000000
_EUSART1_DefaultFramingErrorHandler             (abs)        000000
_EUSART1_DefaultOverrunErrorHandler             (abs)        000000
_EUSART1_ErrorHandler                           nvBANK0      0000A7
_EUSART1_FramingErrorHandler                    nvBANK0      0000AB
_EUSART1_Initialize                             text22       000B4E
_EUSART1_OverrunErrorHandler                    nvBANK0      0000A9
_EUSART1_Read                                   text29       000CE4
_EUSART1_SetErrorHandler                        text25       000E1C
_EUSART1_SetFramingErrorHandler                 text24       000E12
_EUSART1_SetOverrunErrorHandler                 text23       000E08
_EUSART1_Write                                  text13       000DAC
_EUSART1_is_rx_ready                            text28       000DC2
_INTCON2bits                                    (abs)        000FF1
_INTCONbits                                     (abs)        000FF2
_INTERRUPT_Initialize                           text21       000E30
_INTERRUPT_InterruptManager                     intcode      000008
_LATA                                           (abs)        000F89
_LATAbits                                       (abs)        000F89
_LATB                                           (abs)        000F8A
_LATBbits                                       (abs)        000F8A
_LATC                                           (abs)        000F8B
_OSCCON                                         (abs)        000FD3
_OSCCON2                                        (abs)        000FD2
_OSCILLATOR_Initialize                          text20       000DE6
_OSCTUNE                                        (abs)        000F9B
_PIN_MANAGER_Initialize                         text19       000C8E
_PIR1bits                                       (abs)        000F9E
_PORTAbits                                      (abs)        000F80
_PR2                                            (abs)        000FBB
_PSTR1CON                                       (abs)        000FB9
_PSTR2CON                                       (abs)        000F63
_PWM1CON                                        (abs)        000FB7
_PWM2CON                                        (abs)        000F65
_RCONbits                                       (abs)        000FD0
_RCREG1                                         (abs)        000FAE
_RCSTA1                                         (abs)        000FAB
_RCSTA1bits                                     (abs)        000FAB
_SPBRG1                                         (abs)        000FAF
_SPBRGH1                                        (abs)        000FB0
_SYSTEM_Initialize                              text14       000D0C
_T0CON                                          (abs)        000FD5
_T0CONbits                                      (abs)        000FD5
_T1CON                                          (abs)        000FCD
_T1CONbits                                      (abs)        000FCD
_T1GCON                                         (abs)        000FCC
_T1GCONbits                                     (abs)        000FCC
_T2CON                                          (abs)        000FBA
_T2CONbits                                      (abs)        000FBA
_TMR0H                                          (abs)        000FD7
_TMR0ISRstate                                   bssCOMRAM    000054
_TMR0L                                          (abs)        000FD6
_TMR0_DefaultInterruptHandler                   text34       000E34
_TMR0_ISR                                       text33       000B8C
_TMR0_Initialize                                text17       000BFA
_TMR0_InterruptHandler                          nvBANK0      0000A5
_TMR0_SetInterruptHandler                       text18       000DFE
_TMR0_WriteTimer                                text36       000E26
_TMR1                                           (abs)        000FCE
_TMR1H                                          (abs)        000FCF
_TMR1L                                          (abs)        000FCE
_TMR1_Initialize                                text16       000D90
_TMR2                                           (abs)        000FBC
_TMR2_Initialize                                text15       000DD6
_TRISA                                          (abs)        000F92
_TRISB                                          (abs)        000F93
_TRISC                                          (abs)        000F94
_TXREG1                                         (abs)        000FAD
_TXSTA1                                         (abs)        000FAC
_TXSTA1bits                                     (abs)        000FAC
_WPUB                                           (abs)        000F61
__CFG_BOREN$SBORDIS                             (abs)        000000
__CFG_BORV$190                                  (abs)        000000
__CFG_CCP2MX$PORTC1                             (abs)        000000
__CFG_CCP3MX$PORTB5                             (abs)        000000
__CFG_CP0$OFF                                   (abs)        000000
__CFG_CP1$OFF                                   (abs)        000000
__CFG_CP2$OFF                                   (abs)        000000
__CFG_CP3$OFF                                   (abs)        000000
__CFG_CPB$OFF                                   (abs)        000000
__CFG_CPD$OFF                                   (abs)        000000
__CFG_DEBUG$OFF                                 (abs)        000000
__CFG_EBTR0$OFF                                 (abs)        000000
__CFG_EBTR1$OFF                                 (abs)        000000
__CFG_EBTR2$OFF                                 (abs)        000000
__CFG_EBTR3$OFF                                 (abs)        000000
__CFG_EBTRB$OFF                                 (abs)        000000
__CFG_FCMEN$OFF                                 (abs)        000000
__CFG_FOSC$INTIO67                              (abs)        000000
__CFG_HFOFST$ON                                 (abs)        000000
__CFG_IESO$OFF                                  (abs)        000000
__CFG_LVP$ON                                    (abs)        000000
__CFG_MCLRE$EXTMCLR                             (abs)        000000
__CFG_P2BMX$PORTB5                              (abs)        000000
__CFG_PBADEN$ON                                 (abs)        000000
__CFG_PLLCFG$OFF                                (abs)        000000
__CFG_PRICLKEN$ON                               (abs)        000000
__CFG_PWRTEN$OFF                                (abs)        000000
__CFG_STVREN$ON                                 (abs)        000000
__CFG_T3CMX$PORTC0                              (abs)        000000
__CFG_WDTEN$OFF                                 (abs)        000000
__CFG_WDTPS$32768                               (abs)        000000
__CFG_WRT0$OFF                                  (abs)        000000
__CFG_WRT1$OFF                                  (abs)        000000
__CFG_WRT2$OFF                                  (abs)        000000
__CFG_WRT3$OFF                                  (abs)        000000
__CFG_WRTB$OFF                                  (abs)        000000
__CFG_WRTC$OFF                                  (abs)        000000
__CFG_WRTD$OFF                                  (abs)        000000
__CFG_XINST$OFF                                 (abs)        000000
__HRAM                                          (abs)        000000
__Habs1                                         abs1         000000
__Hbank0                                        bank0        000000
__Hbank1                                        bank1        000000
__Hbank10                                       bank10       000000
__Hbank11                                       bank11       000000
__Hbank12                                       bank12       000000
__Hbank13                                       bank13       000000
__Hbank14                                       bank14       000000
__Hbank15                                       bank15       000000
__Hbank2                                        bank2        000000
__Hbank3                                        bank3        000000
__Hbank4                                        bank4        000000
__Hbank5                                        bank5        000000
__Hbank6                                        bank6        000000
__Hbank7                                        bank7        000000
__Hbank8                                        bank8        000000
__Hbank9                                        bank9        000000
__Hbigbss                                       bigbss       000000
__Hbigdata                                      bigdata      000000
__Hbigram                                       bigram       000000
__Hbss                                          bss          000000
__HbssBANK0                                     bssBANK0     000000
__HbssCOMRAM                                    bssCOMRAM    000000
__Hcinit                                        cinit        000000
__Hclrtext                                      clrtext      000000
__Hcomram                                       comram       000000
__Hconfig                                       config       30000E
__Hconst                                        const        000000
__HcstackBANK0                                  cstackBANK0  000000
__HcstackCOMRAM                                 cstackCOMRAM 000000
__Hdata                                         data         000000
__Heeprom_data                                  eeprom_data  000000
__Hfarbss                                       farbss       000000
__Hfardata                                      fardata      000000
__Hibigdata                                     ibigdata     000000
__Hidata                                        idata        000000
__Hidloc                                        idloc        200008
__Hifardata                                     ifardata     000000
__Hinit                                         init         000042
__Hintcode                                      intcode      00003E
__Hintcode_body                                 intcode_body 000000
__Hintcodelo                                    intcodelo    00003E
__Hintentry                                     intentry     000000
__Hintret                                       intret       000000
__Hintsave_regs                                 intsave_regs 000000
__Hirdata                                       irdata       000000
__Hmediumconst                                  mediumconst  010000
__HnvBANK0                                      nvBANK0      000000
__HnvCOMRAM                                     nvCOMRAM     000000
__HnvFARRAM                                     nvFARRAM     000000
__Hnvbit                                        nvbit        000000
__Hnvrram                                       nvrram       000000
__Hparam                                        rparam       000000
__Hpowerup                                      powerup      00003E
__Hram                                          ram          000000
__Hramtop                                       ramtop       001000
__Hrbit                                         rbit         000000
__Hrbss                                         rbss         000000
__Hrdata                                        rdata        000000
__Hreset_vec                                    reset_vec    000004
__Hrparam                                       rparam       000000
__Hsfr                                          sfr          000000
__Hsmallconst                                   smallconst   000000
__Hspace_0                                      (abs)        30000E
__Hspace_1                                      (abs)        0000AD
__Hspace_2                                      (abs)        000000
__Hstack                                        stack        000000
__Hstruct                                       struct       000000
__Htemp                                         temp         000059
__Htext                                         text         000000
__Htext0                                        text0        000000
__Htext1                                        text1        000000
__Htext10                                       text10       000000
__Htext11                                       text11       000000
__Htext12                                       text12       000000
__Htext13                                       text13       000000
__Htext14                                       text14       000000
__Htext15                                       text15       000000
__Htext16                                       text16       000000
__Htext17                                       text17       000000
__Htext18                                       text18       000000
__Htext19                                       text19       000000
__Htext2                                        text2        000000
__Htext20                                       text20       000000
__Htext21                                       text21       000000
__Htext22                                       text22       000000
__Htext23                                       text23       000000
__Htext24                                       text24       000000
__Htext25                                       text25       000000
__Htext26                                       text26       000000
__Htext27                                       text27       000000
__Htext28                                       text28       000000
__Htext29                                       text29       000000
__Htext3                                        text3        000000
__Htext30                                       text30       000000
__Htext31                                       text31       000000
__Htext33                                       text33       000000
__Htext34                                       text34       000000
__Htext35                                       text35       000000
__Htext36                                       text36       000000
__Htext37                                       text37       000000
__Htext4                                        text4        000000
__Htext5                                        text5        000000
__Htext6                                        text6        000000
__Htext7                                        text7        000000
__Htext8                                        text8        000000
__Htext9                                        text9        000000
__LRAM                                          (abs)        000001
__Labs1                                         abs1         000000
__Lbank0                                        bank0        000000
__Lbank1                                        bank1        000000
__Lbank10                                       bank10       000000
__Lbank11                                       bank11       000000
__Lbank12                                       bank12       000000
__Lbank13                                       bank13       000000
__Lbank14                                       bank14       000000
__Lbank15                                       bank15       000000
__Lbank2                                        bank2        000000
__Lbank3                                        bank3        000000
__Lbank4                                        bank4        000000
__Lbank5                                        bank5        000000
__Lbank6                                        bank6        000000
__Lbank7                                        bank7        000000
__Lbank8                                        bank8        000000
__Lbank9                                        bank9        000000
__Lbigbss                                       bigbss       000000
__Lbigdata                                      bigdata      000000
__Lbigram                                       bigram       000000
__Lbss                                          bss          000000
__LbssBANK0                                     bssBANK0     000000
__LbssCOMRAM                                    bssCOMRAM    000000
__Lcinit                                        cinit        000000
__Lclrtext                                      clrtext      000000
__Lcomram                                       comram       000000
__Lconfig                                       config       300000
__Lconst                                        const        000000
__LcstackBANK0                                  cstackBANK0  000000
__LcstackCOMRAM                                 cstackCOMRAM 000000
__Ldata                                         data         000000
__Leeprom_data                                  eeprom_data  000000
__Lfarbss                                       farbss       000000
__Lfardata                                      fardata      000000
__Libigdata                                     ibigdata     000000
__Lidata                                        idata        000000
__Lidloc                                        idloc        200000
__Lifardata                                     ifardata     000000
__Linit                                         init         00003E
__Lintcode                                      intcode      000008
__Lintcode_body                                 intcode_body 000000
__Lintcodelo                                    intcodelo    00003E
__Lintentry                                     intentry     000000
__Lintret                                       intret       000000
__Lintsave_regs                                 intsave_regs 000000
__Lirdata                                       irdata       000000
__Lmediumconst                                  mediumconst  00FE9E
__LnvBANK0                                      nvBANK0      000000
__LnvCOMRAM                                     nvCOMRAM     000000
__LnvFARRAM                                     nvFARRAM     000000
__Lnvbit                                        nvbit        000000
__Lnvrram                                       nvrram       000000
__Lparam                                        rparam       000000
__Lpowerup                                      powerup      00003E
__Lram                                          ram          000000
__Lramtop                                       ramtop       001000
__Lrbit                                         rbit         000000
__Lrbss                                         rbss         000000
__Lrdata                                        rdata        000000
__Lreset_vec                                    reset_vec    000000
__Lrparam                                       rparam       000000
__Lsfr                                          sfr          000000
__Lsmallconst                                   smallconst   000000
__Lspace_0                                      (abs)        000000
__Lspace_1                                      (abs)        000000
__Lspace_2                                      (abs)        000000
__Lstack                                        stack        000000
__Lstruct                                       struct       000000
__Ltemp                                         temp         000058
__Ltext                                         text         000000
__Ltext0                                        text0        000000
__Ltext1                                        text1        000000
__Ltext10                                       text10       000000
__Ltext11                                       text11       000000
__Ltext12                                       text12       000000
__Ltext13                                       text13       000000
__Ltext14                                       text14       000000
__Ltext15                                       text15       000000
__Ltext16                                       text16       000000
__Ltext17                                       text17       000000
__Ltext18                                       text18       000000
__Ltext19                                       text19       000000
__Ltext2                                        text2        000000
__Ltext20                                       text20       000000
__Ltext21                                       text21       000000
__Ltext22                                       text22       000000
__Ltext23                                       text23       000000
__Ltext24                                       text24       000000
__Ltext25                                       text25       000000
__Ltext26                                       text26       000000
__Ltext27                                       text27       000000
__Ltext28                                       text28       000000
__Ltext29                                       text29       000000
__Ltext3                                        text3        000000
__Ltext30                                       text30       000000
__Ltext31                                       text31       000000
__Ltext33                                       text33       000000
__Ltext34                                       text34       000000
__Ltext35                                       text35       000000
__Ltext36                                       text36       000000
__Ltext37                                       text37       000000
__Ltext4                                        text4        000000
__Ltext5                                        text5        000000
__Ltext6                                        text6        000000
__Ltext7                                        text7        000000
__Ltext8                                        text8        000000
__Ltext9                                        text9        000000
__S0                                            (abs)        30000E
__S1                                            (abs)        0000AD
__S2                                            (abs)        000000
___inthi_sp                                     stack        000000
___intlo_sp                                     stack        000000
___lodiv                                        text6        000686
___lodiv@counter                                cstackCOMRAM 00001F
___lodiv@dividend                               cstackCOMRAM 000007
___lodiv@divisor                                cstackCOMRAM 00000F
___lodiv@quotient                               cstackCOMRAM 000017
___lomod                                        text5        000776
___lomod@counter                                cstackCOMRAM 000017
___lomod@dividend                               cstackCOMRAM 000007
___lomod@divisor                                cstackCOMRAM 00000F
___param_bank                                   (abs)        000000
___rparam_used                                  (abs)        000001
___sp                                           stack        000000
__accesstop                                     (abs)        000060
__activetblptr                                  (abs)        000003
__end_of_EPWM1_Initialize                       text27       000D72
__end_of_EPWM1_LoadDutyValue                    text31       000C8E
__end_of_EPWM2_Initialize                       text26       000D52
__end_of_EPWM2_LoadDutyValue                    text30       000C5E
__end_of_EUSART1_Initialize                     text22       000B8C
__end_of_EUSART1_Read                           text29       000D0C
__end_of_EUSART1_SetErrorHandler                text25       000E26
__end_of_EUSART1_SetFramingErrorHandler         text24       000E1C
__end_of_EUSART1_SetOverrunErrorHandler         text23       000E12
__end_of_EUSART1_Write                          text13       000DC2
__end_of_EUSART1_is_rx_ready                    text28       000DD6
__end_of_INTERRUPT_Initialize                   text21       000E34
__end_of_INTERRUPT_InterruptManager             intcode      00003E
__end_of_OSCILLATOR_Initialize                  text20       000DF4
__end_of_PIN_MANAGER_Initialize                 text19       000CBC
__end_of_SYSTEM_Initialize                      text14       000D32
__end_of_TMR0_DefaultInterruptHandler           text34       000E36
__end_of_TMR0_ISR                               text33       000BC4
__end_of_TMR0_Initialize                        text17       000C2E
__end_of_TMR0_SetInterruptHandler               text18       000E08
__end_of_TMR0_WriteTimer                        text36       000E30
__end_of_TMR1_Initialize                        text16       000DAC
__end_of_TMR2_Initialize                        text15       000DE6
__end_of___lodiv                                text6        000776
__end_of___lomod                                text5        000846
__end_of__initialization                        cinit        000D86
__end_of_ctoa                                   text7        000B0A
__end_of_fputc                                  text11       000A4C
__end_of_fputs                                  text10       000B4E
__end_of_main                                   text0        000276
__end_of_myTMR0ISR                              text35       0009B6
__end_of_pad                                    text8        00090C
__end_of_printf                                 text1        000CE4
__end_of_putch                                  text12       000DFE
__end_of_strlen                                 text9        000BFA
__end_of_utoa                                   text4        000686
__end_of_vfpfcnvrt                              text3        000484
__end_of_vfprintf                               text2        000AB0
__initialization                                cinit        000D72
__mediumconst                                   mediumconst  00FE9E
__pbssBANK0                                     bssBANK0     000060
__pbssCOMRAM                                    bssCOMRAM    000052
__pcinit                                        cinit        000D72
__pcstackBANK0                                  cstackBANK0  000089
__pcstackCOMRAM                                 cstackCOMRAM 000001
__pintcode                                      intcode      000008
__pmediumconst                                  mediumconst  00FE9E
__pnvBANK0                                      nvBANK0      0000A3
__pnvCOMRAM                                     nvCOMRAM     000056
__ptext0                                        text0        000042
__ptext1                                        text1        000CBC
__ptext10                                       text10       000B0A
__ptext11                                       text11       0009B6
__ptext12                                       text12       000DF4
__ptext13                                       text13       000DAC
__ptext14                                       text14       000D0C
__ptext15                                       text15       000DD6
__ptext16                                       text16       000D90
__ptext17                                       text17       000BFA
__ptext18                                       text18       000DFE
__ptext19                                       text19       000C8E
__ptext2                                        text2        000A4C
__ptext20                                       text20       000DE6
__ptext21                                       text21       000E30
__ptext22                                       text22       000B4E
__ptext23                                       text23       000E08
__ptext24                                       text24       000E12
__ptext25                                       text25       000E1C
__ptext26                                       text26       000D32
__ptext27                                       text27       000D52
__ptext28                                       text28       000DC2
__ptext29                                       text29       000CE4
__ptext3                                        text3        000276
__ptext30                                       text30       000C2E
__ptext31                                       text31       000C5E
__ptext33                                       text33       000B8C
__ptext34                                       text34       000E34
__ptext35                                       text35       00090C
__ptext36                                       text36       000E26
__ptext37                                       text37       000000
__ptext4                                        text4        000484
__ptext5                                        text5        000776
__ptext6                                        text6        000686
__ptext7                                        text7        000AB0
__ptext8                                        text8        000846
__ptext9                                        text9        000BC4
__ramtop                                        ramtop       001000
__size_of_EPWM1_Initialize                      (abs)        000000
__size_of_EPWM1_LoadDutyValue                   (abs)        000000
__size_of_EPWM2_Initialize                      (abs)        000000
__size_of_EPWM2_LoadDutyValue                   (abs)        000000
__size_of_EUSART1_Initialize                    (abs)        000000
__size_of_EUSART1_Read                          (abs)        000000
__size_of_EUSART1_SetErrorHandler               (abs)        000000
__size_of_EUSART1_SetFramingErrorHandler        (abs)        000000
__size_of_EUSART1_SetOverrunErrorHandler        (abs)        000000
__size_of_EUSART1_Write                         (abs)        000000
__size_of_EUSART1_is_rx_ready                   (abs)        000000
__size_of_INTERRUPT_Initialize                  (abs)        000000
__size_of_INTERRUPT_InterruptManager            (abs)        000000
__size_of_OSCILLATOR_Initialize                 (abs)        000000
__size_of_PIN_MANAGER_Initialize                (abs)        000000
__size_of_SYSTEM_Initialize                     (abs)        000000
__size_of_TMR0_DefaultInterruptHandler          (abs)        000000
__size_of_TMR0_ISR                              (abs)        000000
__size_of_TMR0_Initialize                       (abs)        000000
__size_of_TMR0_SetInterruptHandler              (abs)        000000
__size_of_TMR0_WriteTimer                       (abs)        000000
__size_of_TMR1_Initialize                       (abs)        000000
__size_of_TMR2_Initialize                       (abs)        000000
__size_of___lodiv                               (abs)        000000
__size_of___lomod                               (abs)        000000
__size_of_ctoa                                  (abs)        000000
__size_of_fputc                                 (abs)        000000
__size_of_fputs                                 (abs)        000000
__size_of_main                                  (abs)        000000
__size_of_myTMR0ISR                             (abs)        000000
__size_of_pad                                   (abs)        000000
__size_of_printf                                (abs)        000000
__size_of_putch                                 (abs)        000000
__size_of_strlen                                (abs)        000000
__size_of_utoa                                  (abs)        000000
__size_of_vfpfcnvrt                             (abs)        000000
__size_of_vfprintf                              (abs)        000000
__smallconst                                    smallconst   000000
_ctoa                                           text7        000AB0
_dbuf                                           bssBANK0     000069
_distance                                       bssBANK0     000068
_eusart1RxLastError                             bssCOMRAM    000055
_flags                                          bssBANK0     000064
_fputc                                          text11       0009B6
_fputs                                          text10       000B0A
_main                                           text0        000042
_microSecondDelay                               bssBANK0     000066
_myTMR0ISR                                      text35       00090C
_nout                                           bssBANK0     000060
_pad                                            text8        000846
_prec                                           bssBANK0     000062
_printf                                         text1        000CBC
_putch                                          text12       000DF4
_strlen                                         text9        000BC4
_timer0ReloadVal                                nvCOMRAM     000056
_timer1ReloadVal                                nvBANK0      0000A3
_utoa                                           text4        000484
_vfpfcnvrt                                      text3        000276
_vfprintf                                       text2        000A4C
_width                                          bssCOMRAM    000052
btemp                                           temp         000058
ctoa@c                                          cstackCOMRAM 000026
ctoa@fp                                         cstackCOMRAM 000024
ctoa@w                                          cstackCOMRAM 000027
end_of_initialization                           cinit        000D86
fputc@c                                         cstackCOMRAM 000009
fputc@fp                                        cstackCOMRAM 00000B
fputs@c                                         cstackCOMRAM 000016
fputs@fp                                        cstackCOMRAM 000014
fputs@i                                         cstackCOMRAM 000017
fputs@s                                         cstackCOMRAM 000012
int$flags                                       temp         000058
intlevel0                                       text         000000
intlevel1                                       text         000000
intlevel2                                       text         000000
intlevel3                                       text         000000
main@cmd                                        cstackBANK0  0000A1
main@i                                          cstackBANK0  0000A2
main@motorsToggled                              cstackBANK0  0000A0
pad@buf                                         cstackCOMRAM 00001B
pad@fp                                          cstackCOMRAM 000019
pad@i                                           cstackCOMRAM 000020
pad@p                                           cstackCOMRAM 00001D
pad@w                                           cstackCOMRAM 000022
printf@ap                                       cstackBANK0  00009E
printf@fmt                                      cstackBANK0  000098
putch@txData                                    cstackCOMRAM 000008
stackhi                                         (abs)        000F37
stacklo                                         (abs)        0000AD
start                                           init         00003E
start_initialization                            cinit        000D72
strlen@a                                        cstackCOMRAM 000009
strlen@s                                        cstackCOMRAM 000007
ttemp5                                          temp         000059
ttemp6                                          temp         00005C
ttemp7                                          temp         000060
utoa@d                                          cstackCOMRAM 000026
utoa@fp                                         cstackCOMRAM 000024
utoa@i                                          cstackCOMRAM 000042
utoa@n                                          cstackCOMRAM 00003A
utoa@p                                          cstackCOMRAM 000036
utoa@w                                          cstackCOMRAM 000038
vfpfcnvrt@ap                                    cstackCOMRAM 000048
vfpfcnvrt@c                                     cstackBANK0  000091
vfpfcnvrt@fmt                                   cstackCOMRAM 000046
vfpfcnvrt@fp                                    cstackCOMRAM 000044
vfpfcnvrt@llu                                   cstackBANK0  000089
vfprintf@ap                                     cstackBANK0  000096
vfprintf@cfmt                                   cstackCOMRAM 00004E
vfprintf@fmt                                    cstackBANK0  000094
vfprintf@fp                                     cstackBANK0  000092
wtemp8                                          temp         000059


FUNCTION INFORMATION:

 *************** function _main *****************
 Defined at:
		line 38 in file "main.c"
 Parameters:    Size  Location     Type
		None
 Auto vars:     Size  Location     Type
  i               1   25[BANK0 ] unsigned char 
  cmd             1   24[BANK0 ] unsigned char 
  motorsToggle    1   23[BANK0 ] unsigned char 
 Return value:  Size  Location     Type
                  1    wreg      void 
 Registers used:
		wreg, fsr1l, fsr1h, fsr2l, fsr2h, status,2, status,0, tblptrl, tblptrh, tblptru, cstack
 Tracked objects:
		On entry : 
		On exit  : 
		Unchanged: 
 Data sizes:     COMRAM   BANK0   BANK1   BANK2   BANK3   BANK4   BANK5   BANK6   BANK7   BANK8   BANK9  BANK10  BANK11  BANK12  BANK13  BANK14  BANK15
      Params:         0       0       0       0       0       0       0       0       0       0       0       0       0       0       0       0       0
      Locals:         0       3       0       0       0       0       0       0       0       0       0       0       0       0       0       0       0
      Temps:          2       0       0       0       0       0       0       0       0       0       0       0       0       0       0       0       0
      Totals:         2       3       0       0       0       0       0       0       0       0       0       0       0       0       0       0       0
Total ram usage:        5 bytes
 Hardware stack levels required when called:   13
 This function calls:
		_EPWM1_LoadDutyValue
		_EPWM2_LoadDutyValue
		_EUSART1_Read
		_EUSART1_is_rx_ready
		_SYSTEM_Initialize
		_TMR0_SetInterruptHandler
		_printf
 This function is called by:
		Startup code after reset
 This function uses a non-reentrant model


 *************** function _printf *****************
 Defined at:
		line 5 in file "C:\Program Files (x86)\Microchip\xc8\v2.10\pic\sources\c99\common\printf.c"
 Parameters:    Size  Location     Type
  fmt             2   15[BANK0 ] PTR const unsigned char 
		 -> STR_19(17), STR_18(32), STR_17(21), STR_16(22), 
		 -> STR_15(2), STR_14(2), STR_13(13), STR_12(52), 
		 -> STR_11(29), STR_10(20), STR_9(25), STR_8(22), 
		 -> STR_7(7), STR_6(15), STR_5(52), STR_4(5), 
		 -> STR_3(26), STR_2(26), STR_1(20), 
 Auto vars:     Size  Location     Type
  ap              2   21[BANK0 ] PTR void [1]
		 -> ?_printf(2), 
  ret             2    0        int 
 Return value:  Size  Location     Type
                  2   15[BANK0 ] int 
 Registers used:
		wreg, fsr1l, fsr1h, fsr2l, fsr2h, status,2, status,0, tblptrl, tblptrh, tblptru, cstack
 Tracked objects:
		On entry : 
		On exit  : 
		Unchanged: 
 Data sizes:     COMRAM   BANK0   BANK1   BANK2   BANK3   BANK4   BANK5   BANK6   BANK7   BANK8   BANK9  BANK10  BANK11  BANK12  BANK13  BANK14  BANK15
      Params:         0       4       0       0       0       0       0       0       0       0       0       0       0       0       0       0       0
      Locals:         0       4       0       0       0       0       0       0       0       0       0       0       0       0       0       0       0
      Temps:          0       0       0       0       0       0       0       0       0       0       0       0       0       0       0       0       0
      Totals:         0       8       0       0       0       0       0       0       0       0       0       0       0       0       0       0       0
Total ram usage:        8 bytes
 Hardware stack levels used:    1
 Hardware stack levels required when called:   12
 This function calls:
		_vfprintf
 This function is called by:
		_main
 This function uses a non-reentrant model


 *************** function _vfprintf *****************
 Defined at:
		line 1368 in file "C:\Program Files (x86)\Microchip\xc8\v2.10\pic\sources\c99\common\doprnt.c"
 Parameters:    Size  Location     Type
  fp              2    9[BANK0 ] PTR struct _IO_FILE
		 -> NULL(0), 
  fmt             2   11[BANK0 ] PTR const unsigned char 
		 -> STR_19(17), STR_18(32), STR_17(21), STR_16(22), 
		 -> STR_15(2), STR_14(2), STR_13(13), STR_12(52), 
		 -> STR_11(29), STR_10(20), STR_9(25), STR_8(22), 
		 -> STR_7(7), STR_6(15), STR_5(52), STR_4(5), 
		 -> STR_3(26), STR_2(26), STR_1(20), 
  ap              2   13[BANK0 ] PTR PTR void 
		 -> printf@ap(2), 
 Auto vars:     Size  Location     Type
  cfmt            2   77[COMRAM] PTR unsigned char 
		 -> STR_19(17), STR_18(32), STR_17(21), STR_16(22), 
		 -> STR_15(2), STR_14(2), STR_13(13), STR_12(52), 
		 -> STR_11(29), STR_10(20), STR_9(25), STR_8(22), 
		 -> STR_7(7), STR_6(15), STR_5(52), STR_4(5), 
		 -> STR_3(26), STR_2(26), STR_1(20), 
 Return value:  Size  Location     Type
                  2    9[BANK0 ] int 
 Registers used:
		wreg, fsr1l, fsr1h, fsr2l, fsr2h, status,2, status,0, tblptrl, tblptrh, tblptru, cstack
 Tracked objects:
		On entry : 
		On exit  : 
		Unchanged: 
 Data sizes:     COMRAM   BANK0   BANK1   BANK2   BANK3   BANK4   BANK5   BANK6   BANK7   BANK8   BANK9  BANK10  BANK11  BANK12  BANK13  BANK14  BANK15
      Params:         0       6       0       0       0       0       0       0       0       0       0       0       0       0       0       0       0
      Locals:         2       0       0       0       0       0       0       0       0       0       0       0       0       0       0       0       0
      Temps:          0       0       0       0       0       0       0       0       0       0       0       0       0       0       0       0       0
      Totals:         2       6       0       0       0       0       0       0       0       0       0       0       0       0       0       0       0
Total ram usage:        8 bytes
 Hardware stack levels used:    1
 Hardware stack levels required when called:   11
 This function calls:
		_vfpfcnvrt
 This function is called by:
		_printf
 This function uses a non-reentrant model


 *************** function _vfpfcnvrt *****************
 Defined at:
		line 670 in file "C:\Program Files (x86)\Microchip\xc8\v2.10\pic\sources\c99\common\doprnt.c"
 Parameters:    Size  Location     Type
  fp              2   67[COMRAM] PTR struct _IO_FILE
		 -> NULL(0), 
  fmt             2   69[COMRAM] PTR PTR unsigned char 
		 -> vfprintf@cfmt(2), 
  ap              2   71[COMRAM] PTR PTR void 
		 -> printf@ap(2), 
 Auto vars:     Size  Location     Type
  llu             8    0[BANK0 ] unsigned long long 
  ll              8    0        long long 
  f               4    0        long long 
  vp              3    0        PTR void 
  ct              3    0        unsigned char [3]
  cp              3    0        PTR unsigned char 
  i               2    0        int 
  done            2    0        int 
  c               1    8[BANK0 ] unsigned char 
 Return value:  Size  Location     Type
                  2   67[COMRAM] int 
 Registers used:
		wreg, fsr1l, fsr1h, fsr2l, fsr2h, status,2, status,0, tblptrl, tblptrh, tblptru, cstack
 Tracked objects:
		On entry : 
		On exit  : 
		Unchanged: 
 Data sizes:     COMRAM   BANK0   BANK1   BANK2   BANK3   BANK4   BANK5   BANK6   BANK7   BANK8   BANK9  BANK10  BANK11  BANK12  BANK13  BANK14  BANK15
      Params:         6       0       0       0       0       0       0       0       0       0       0       0       0       0       0       0       0
      Locals:         0       9       0       0       0       0       0       0       0       0       0       0       0       0       0       0       0
      Temps:          4       0       0       0       0       0       0       0       0       0       0       0       0       0       0       0       0
      Totals:        10       9       0       0       0       0       0       0       0       0       0       0       0       0       0       0       0
Total ram usage:       19 bytes
 Hardware stack levels used:    1
 Hardware stack levels required when called:   10
 This function calls:
		_ctoa
		_fputc
		_utoa
 This function is called by:
		_vfprintf
 This function uses a non-reentrant model


 *************** function _utoa *****************
 Defined at:
		line 593 in file "C:\Program Files (x86)\Microchip\xc8\v2.10\pic\sources\c99\common\doprnt.c"
 Parameters:    Size  Location     Type
  fp              2   35[COMRAM] PTR struct _IO_FILE
		 -> NULL(0), 
  d               8   37[COMRAM] unsigned long long 
 Auto vars:     Size  Location     Type
  n               8   57[COMRAM] unsigned long long 
  i               2   65[COMRAM] int 
  w               2   55[COMRAM] int 
  p               2   53[COMRAM] int 
 Return value:  Size  Location     Type
                  2   35[COMRAM] int 
 Registers used:
		wreg, fsr1l, fsr1h, fsr2l, fsr2h, status,2, status,0, cstack
 Tracked objects:
		On entry : 
		On exit  : 
		Unchanged: 
 Data sizes:     COMRAM   BANK0   BANK1   BANK2   BANK3   BANK4   BANK5   BANK6   BANK7   BANK8   BANK9  BANK10  BANK11  BANK12  BANK13  BANK14  BANK15
      Params:        10       0       0       0       0       0       0       0       0       0       0       0       0       0       0       0       0
      Locals:        14       0       0       0       0       0       0       0       0       0       0       0       0       0       0       0       0
      Temps:          8       0       0       0       0       0       0       0       0       0       0       0       0       0       0       0       0
      Totals:        32       0       0       0       0       0       0       0       0       0       0       0       0       0       0       0       0
Total ram usage:       32 bytes
 Hardware stack levels used:    1
 Hardware stack levels required when called:    9
 This function calls:
		___lodiv
		___lomod
		_pad
 This function is called by:
		_vfpfcnvrt
 This function uses a non-reentrant model


 *************** function ___lomod *****************
 Defined at:
		line 9 in file "C:\Program Files (x86)\Microchip\xc8\v2.10\pic\sources\c99\common\lomod.c"
 Parameters:    Size  Location     Type
  dividend        8    6[COMRAM] unsigned long long 
  divisor         8   14[COMRAM] unsigned long long 
 Auto vars:     Size  Location     Type
  counter         1   22[COMRAM] unsigned char 
 Return value:  Size  Location     Type
                  8    6[COMRAM] unsigned long long 
 Registers used:
		wreg, status,2, status,0
 Tracked objects:
		On entry : 
		On exit  : 
		Unchanged: 
 Data sizes:     COMRAM   BANK0   BANK1   BANK2   BANK3   BANK4   BANK5   BANK6   BANK7   BANK8   BANK9  BANK10  BANK11  BANK12  BANK13  BANK14  BANK15
      Params:        16       0       0       0       0       0       0       0       0       0       0       0       0       0       0       0       0
      Locals:         1       0       0       0       0       0       0       0       0       0       0       0       0       0       0       0       0
      Temps:          0       0       0       0       0       0       0       0       0       0       0       0       0       0       0       0       0
      Totals:        17       0       0       0       0       0       0       0       0       0       0       0       0       0       0       0       0
Total ram usage:       17 bytes
 Hardware stack levels used:    1
 Hardware stack levels required when called:    4
 This function calls:
		Nothing
 This function is called by:
		_utoa
 This function uses a non-reentrant model


 *************** function ___lodiv *****************
 Defined at:
		line 9 in file "C:\Program Files (x86)\Microchip\xc8\v2.10\pic\sources\c99\common\lodiv.c"
 Parameters:    Size  Location     Type
  dividend        8    6[COMRAM] unsigned long long 
  divisor         8   14[COMRAM] unsigned long long 
 Auto vars:     Size  Location     Type
  quotient        8   22[COMRAM] unsigned long long 
  counter         1   30[COMRAM] unsigned char 
 Return value:  Size  Location     Type
                  8    6[COMRAM] unsigned long long 
 Registers used:
		wreg, fsr2l, fsr2h, status,2, status,0
 Tracked objects:
		On entry : 
		On exit  : 
		Unchanged: 
 Data sizes:     COMRAM   BANK0   BANK1   BANK2   BANK3   BANK4   BANK5   BANK6   BANK7   BANK8   BANK9  BANK10  BANK11  BANK12  BANK13  BANK14  BANK15
      Params:        16       0       0       0       0       0       0       0       0       0       0       0       0       0       0       0       0
      Locals:         9       0       0       0       0       0       0       0       0       0       0       0       0       0       0       0       0
      Temps:          0       0       0       0       0       0       0       0       0       0       0       0       0       0       0       0       0
      Totals:        25       0       0       0       0       0       0       0       0       0       0       0       0       0       0       0       0
Total ram usage:       25 bytes
 Hardware stack levels used:    1
 Hardware stack levels required when called:    4
 This function calls:
		Nothing
 This function is called by:
		_utoa
 This function uses a non-reentrant model


 *************** function _ctoa *****************
 Defined at:
		line 259 in file "C:\Program Files (x86)\Microchip\xc8\v2.10\pic\sources\c99\common\doprnt.c"
 Parameters:    Size  Location     Type
  fp              2   35[COMRAM] PTR struct _IO_FILE
		 -> NULL(0), 
  c               1   37[COMRAM] unsigned char 
 Auto vars:     Size  Location     Type
  w               2   38[COMRAM] int 
  l               2    0        int 
 Return value:  Size  Location     Type
                  2   35[COMRAM] int 
 Registers used:
		wreg, fsr1l, fsr1h, fsr2l, fsr2h, status,2, status,0, cstack
 Tracked objects:
		On entry : 
		On exit  : 
		Unchanged: 
 Data sizes:     COMRAM   BANK0   BANK1   BANK2   BANK3   BANK4   BANK5   BANK6   BANK7   BANK8   BANK9  BANK10  BANK11  BANK12  BANK13  BANK14  BANK15
      Params:         3       0       0       0       0       0       0       0       0       0       0       0       0       0       0       0       0
      Locals:         2       0       0       0       0       0       0       0       0       0       0       0       0       0       0       0       0
      Temps:          0       0       0       0       0       0       0       0       0       0       0       0       0       0       0       0       0
      Totals:         5       0       0       0       0       0       0       0       0       0       0       0       0       0       0       0       0
Total ram usage:        5 bytes
 Hardware stack levels used:    1
 Hardware stack levels required when called:    9
 This function calls:
		_pad
 This function is called by:
		_vfpfcnvrt
 This function uses a non-reentrant model


 *************** function _pad *****************
 Defined at:
		line 72 in file "C:\Program Files (x86)\Microchip\xc8\v2.10\pic\sources\c99\common\doprnt.c"
 Parameters:    Size  Location     Type
  fp              2   24[COMRAM] PTR struct _IO_FILE
		 -> NULL(0), 
  buf             2   26[COMRAM] PTR unsigned char 
		 -> dbuf(32), 
  p               2   28[COMRAM] int 
 Auto vars:     Size  Location     Type
  w               2   33[COMRAM] int 
  i               2   31[COMRAM] int 
 Return value:  Size  Location     Type
                  2   24[COMRAM] int 
 Registers used:
		wreg, fsr1l, fsr1h, fsr2l, fsr2h, status,2, status,0, cstack
 Tracked objects:
		On entry : 
		On exit  : 
		Unchanged: 
 Data sizes:     COMRAM   BANK0   BANK1   BANK2   BANK3   BANK4   BANK5   BANK6   BANK7   BANK8   BANK9  BANK10  BANK11  BANK12  BANK13  BANK14  BANK15
      Params:         6       0       0       0       0       0       0       0       0       0       0       0       0       0       0       0       0
      Locals:         4       0       0       0       0       0       0       0       0       0       0       0       0       0       0       0       0
      Temps:          1       0       0       0       0       0       0       0       0       0       0       0       0       0       0       0       0
      Totals:        11       0       0       0       0       0       0       0       0       0       0       0       0       0       0       0       0
Total ram usage:       11 bytes
 Hardware stack levels used:    1
 Hardware stack levels required when called:    8
 This function calls:
		_fputc
		_fputs
		_strlen
 This function is called by:
		_ctoa
		_utoa
 This function uses a non-reentrant model


 *************** function _strlen *****************
 Defined at:
		line 5 in file "C:\Program Files (x86)\Microchip\xc8\v2.10\pic\sources\c99\common\strlen.c"
 Parameters:    Size  Location     Type
  s               2    6[COMRAM] PTR const unsigned char 
		 -> dbuf(32), 
 Auto vars:     Size  Location     Type
  a               2    8[COMRAM] PTR const unsigned char 
		 -> dbuf(32), 
 Return value:  Size  Location     Type
                  2    6[COMRAM] unsigned int 
 Registers used:
		wreg, fsr2l, fsr2h, status,2, status,0
 Tracked objects:
		On entry : 
		On exit  : 
		Unchanged: 
 Data sizes:     COMRAM   BANK0   BANK1   BANK2   BANK3   BANK4   BANK5   BANK6   BANK7   BANK8   BANK9  BANK10  BANK11  BANK12  BANK13  BANK14  BANK15
      Params:         2       0       0       0       0       0       0       0       0       0       0       0       0       0       0       0       0
      Locals:         2       0       0       0       0       0       0       0       0       0       0       0       0       0       0       0       0
      Temps:          0       0       0       0       0       0       0       0       0       0       0       0       0       0       0       0       0
      Totals:         4       0       0       0       0       0       0       0       0       0       0       0       0       0       0       0       0
Total ram usage:        4 bytes
 Hardware stack levels used:    1
 Hardware stack levels required when called:    4
 This function calls:
		Nothing
 This function is called by:
		_pad
 This function uses a non-reentrant model


 *************** function _fputs *****************
 Defined at:
		line 8 in file "C:\Program Files (x86)\Microchip\xc8\v2.10\pic\sources\c99\common\nf_fputs.c"
 Parameters:    Size  Location     Type
  s               2   17[COMRAM] PTR const unsigned char 
		 -> dbuf(32), 
  fp              2   19[COMRAM] PTR struct _IO_FILE
		 -> NULL(0), 
 Auto vars:     Size  Location     Type
  i               2   22[COMRAM] int 
  c               1   21[COMRAM] unsigned char 
 Return value:  Size  Location     Type
                  2   17[COMRAM] int 
 Registers used:
		wreg, fsr1l, fsr1h, fsr2l, fsr2h, status,2, status,0, cstack
 Tracked objects:
		On entry : 
		On exit  : 
		Unchanged: 
 Data sizes:     COMRAM   BANK0   BANK1   BANK2   BANK3   BANK4   BANK5   BANK6   BANK7   BANK8   BANK9  BANK10  BANK11  BANK12  BANK13  BANK14  BANK15
      Params:         4       0       0       0       0       0       0       0       0       0       0       0       0       0       0       0       0
      Locals:         3       0       0       0       0       0       0       0       0       0       0       0       0       0       0       0       0
      Temps:          0       0       0       0       0       0       0       0       0       0       0       0       0       0       0       0       0
      Totals:         7       0       0       0       0       0       0       0       0       0       0       0       0       0       0       0       0
Total ram usage:        7 bytes
 Hardware stack levels used:    1
 Hardware stack levels required when called:    7
 This function calls:
		_fputc
 This function is called by:
		_pad
 This function uses a non-reentrant model


 *************** function _fputc *****************
 Defined at:
		line 8 in file "C:\Program Files (x86)\Microchip\xc8\v2.10\pic\sources\c99\common\nf_fputc.c"
 Parameters:    Size  Location     Type
  c               2    8[COMRAM] int 
  fp              2   10[COMRAM] PTR struct _IO_FILE
		 -> NULL(0), 
 Auto vars:     Size  Location     Type
		None
 Return value:  Size  Location     Type
                  2    8[COMRAM] int 
 Registers used:
		wreg, fsr1l, fsr1h, fsr2l, fsr2h, status,2, status,0, cstack
 Tracked objects:
		On entry : 
		On exit  : 
		Unchanged: 
 Data sizes:     COMRAM   BANK0   BANK1   BANK2   BANK3   BANK4   BANK5   BANK6   BANK7   BANK8   BANK9  BANK10  BANK11  BANK12  BANK13  BANK14  BANK15
      Params:         4       0       0       0       0       0       0       0       0       0       0       0       0       0       0       0       0
      Locals:         0       0       0       0       0       0       0       0       0       0       0       0       0       0       0       0       0
      Temps:          5       0       0       0       0       0       0       0       0       0       0       0       0       0       0       0       0
      Totals:         9       0       0       0       0       0       0       0       0       0       0       0       0       0       0       0       0
Total ram usage:        9 bytes
 Hardware stack levels used:    1
 Hardware stack levels required when called:    6
 This function calls:
		_putch
 This function is called by:
		_pad
		_vfpfcnvrt
		_fputs
 This function uses a non-reentrant model


 *************** function _putch *****************
 Defined at:
		line 146 in file "mcc_generated_files/eusart1.c"
 Parameters:    Size  Location     Type
  txData          1    wreg     unsigned char 
 Auto vars:     Size  Location     Type
  txData          1    7[COMRAM] unsigned char 
 Return value:  Size  Location     Type
                  1    wreg      void 
 Registers used:
		wreg, status,2, cstack
 Tracked objects:
		On entry : 
		On exit  : 
		Unchanged: 
 Data sizes:     COMRAM   BANK0   BANK1   BANK2   BANK3   BANK4   BANK5   BANK6   BANK7   BANK8   BANK9  BANK10  BANK11  BANK12  BANK13  BANK14  BANK15
      Params:         0       0       0       0       0       0       0       0       0       0       0       0       0       0       0       0       0
      Locals:         1       0       0       0       0       0       0       0       0       0       0       0       0       0       0       0       0
      Temps:          0       0       0       0       0       0       0       0       0       0       0       0       0       0       0       0       0
      Totals:         1       0       0       0       0       0       0       0       0       0       0       0       0       0       0       0       0
Total ram usage:        1 bytes
 Hardware stack levels used:    1
 Hardware stack levels required when called:    5
 This function calls:
		_EUSART1_Write
 This function is called by:
		_fputc
 This function uses a non-reentrant model


 *************** function _EUSART1_Write *****************
 Defined at:
		line 132 in file "mcc_generated_files/eusart1.c"
 Parameters:    Size  Location     Type
  txData          1    wreg     unsigned char 
 Auto vars:     Size  Location     Type
  txData          1    6[COMRAM] unsigned char 
 Return value:  Size  Location     Type
                  1    wreg      void 
 Registers used:
		wreg
 Tracked objects:
		On entry : 
		On exit  : 
		Unchanged: 
 Data sizes:     COMRAM   BANK0   BANK1   BANK2   BANK3   BANK4   BANK5   BANK6   BANK7   BANK8   BANK9  BANK10  BANK11  BANK12  BANK13  BANK14  BANK15
      Params:         0       0       0       0       0       0       0       0       0       0       0       0       0       0       0       0       0
      Locals:         1       0       0       0       0       0       0       0       0       0       0       0       0       0       0       0       0
      Temps:          0       0       0       0       0       0       0       0       0       0       0       0       0       0       0       0       0
      Totals:         1       0       0       0       0       0       0       0       0       0       0       0       0       0       0       0       0
Total ram usage:        1 bytes
 Hardware stack levels used:    1
 Hardware stack levels required when called:    4
 This function calls:
		Nothing
 This function is called by:
		_putch
 This function uses a non-reentrant model


 *************** function _SYSTEM_Initialize *****************
 Defined at:
		line 50 in file "mcc_generated_files/mcc.c"
 Parameters:    Size  Location     Type
		None
 Auto vars:     Size  Location     Type
		None
 Return value:  Size  Location     Type
                  1    wreg      void 
 Registers used:
		wreg, status,2, status,0, cstack
 Tracked objects:
		On entry : 
		On exit  : 
		Unchanged: 
 Data sizes:     COMRAM   BANK0   BANK1   BANK2   BANK3   BANK4   BANK5   BANK6   BANK7   BANK8   BANK9  BANK10  BANK11  BANK12  BANK13  BANK14  BANK15
      Params:         0       0       0       0       0       0       0       0       0       0       0       0       0       0       0       0       0
      Locals:         0       0       0       0       0       0       0       0       0       0       0       0       0       0       0       0       0
      Temps:          0       0       0       0       0       0       0       0       0       0       0       0       0       0       0       0       0
      Totals:         0       0       0       0       0       0       0       0       0       0       0       0       0       0       0       0       0
Total ram usage:        0 bytes
 Hardware stack levels used:    1
 Hardware stack levels required when called:    6
 This function calls:
		_EPWM1_Initialize
		_EPWM2_Initialize
		_EUSART1_Initialize
		_INTERRUPT_Initialize
		_OSCILLATOR_Initialize
		_PIN_MANAGER_Initialize
		_TMR0_Initialize
		_TMR1_Initialize
		_TMR2_Initialize
 This function is called by:
		_main
 This function uses a non-reentrant model


 *************** function _TMR2_Initialize *****************
 Defined at:
		line 62 in file "mcc_generated_files/tmr2.c"
 Parameters:    Size  Location     Type
		None
 Auto vars:     Size  Location     Type
		None
 Return value:  Size  Location     Type
                  1    wreg      void 
 Registers used:
		wreg, status,2
 Tracked objects:
		On entry : 
		On exit  : 
		Unchanged: 
 Data sizes:     COMRAM   BANK0   BANK1   BANK2   BANK3   BANK4   BANK5   BANK6   BANK7   BANK8   BANK9  BANK10  BANK11  BANK12  BANK13  BANK14  BANK15
      Params:         0       0       0       0       0       0       0       0       0       0       0       0       0       0       0       0       0
[...]
      Totals:         2       0       0       0       0       0       0       0       0       0       0       0       0       0       0       0       0
Total ram usage:        2 bytes
 Hardware stack levels used:    1
 Hardware stack levels required when called:    4
 This function calls:
		Nothing
 This function is called by:
		_EUSART1_Initialize
 This function uses a non-reentrant model


 *************** function _EPWM2_Initialize *****************
 Defined at:
		line 64 in file "mcc_generated_files/epwm2.c"
 Parameters:    Size  Location     Type
		None
 Auto vars:     Size  Location     Type
		None
 Return value:  Size  Location     Type
                  1    wreg      void 
 Registers used:
		wreg, status,2
 Tracked objects:
		On entry : 
		On exit  : 
		Unchanged: 
 Data sizes:     COMRAM   BANK0   BANK1   BANK2   BANK3   BANK4   BANK5   BANK6   BANK7   BANK8   BANK9  BANK10  BANK11  BANK12  BANK13  BANK14  BANK15
      Params:         0       0       0       0       0       0       0       0       0       0       0       0       0       0       0       0       0
      Locals:         0       0       0       0       0       0       0       0       0       0       0       0       0       0       0       0       0
      Temps:          0       0       0       0       0       0       0       0       0       0       0       0       0       0       0       0       0
      Totals:         0       0       0       0       0       0       0       0       0       0       0       0       0       0       0       0       0
Total ram usage:        0 bytes
 Hardware stack levels used:    1
 Hardware stack levels required when called:    4
 This function calls:
		Nothing
 This function is called by:
		_SYSTEM_Initialize
 This function uses a non-reentrant model


 *************** function _EPWM1_Initialize *****************
 Defined at:
		line 64 in file "mcc_generated_files/epwm1.c"
 Parameters:    Size  Location     Type
		None
 Auto vars:     Size  Location     Type
		None
 Return value:  Size  Location     Type
                  1    wreg      void 
 Registers used:
		wreg, status,2
 Tracked objects:
		On entry : 
		On exit  : 
		Unchanged: 
 Data sizes:     COMRAM   BANK0   BANK1   BANK2   BANK3   BANK4   BANK5   BANK6   BANK7   BANK8   BANK9  BANK10  BANK11  BANK12  BANK13  BANK14  BANK15
      Params:         0       0       0       0       0       0       0       0       0       0       0       0       0       0       0       0       0
      Locals:         0       0       0       0       0       0       0       0       0       0       0       0       0       0       0       0       0
      Temps:          0       0       0       0       0       0       0       0       0       0       0       0       0       0       0       0       0
      Totals:         0       0       0       0       0       0       0       0       0       0       0       0       0       0       0       0       0
Total ram usage:        0 bytes
 Hardware stack levels used:    1
 Hardware stack levels required when called:    4
 This function calls:
		Nothing
 This function is called by:
		_SYSTEM_Initialize
 This function uses a non-reentrant model


 *************** function _EUSART1_is_rx_ready *****************
 Defined at:
		line 99 in file "mcc_generated_files/eusart1.c"
 Parameters:    Size  Location     Type
		None
 Auto vars:     Size  Location     Type
		None
 Return value:  Size  Location     Type
                  1    wreg      _Bool 
 Registers used:
		wreg
 Tracked objects:
		On entry : 
		On exit  : 
		Unchanged: 
 Data sizes:     COMRAM   BANK0   BANK1   BANK2   BANK3   BANK4   BANK5   BANK6   BANK7   BANK8   BANK9  BANK10  BANK11  BANK12  BANK13  BANK14  BANK15
      Params:         0       0       0       0       0       0       0       0       0       0       0       0       0       0       0       0       0
      Locals:         0       0       0       0       0       0       0       0       0       0       0       0       0       0       0       0       0
      Temps:          0       0       0       0       0       0       0       0       0       0       0       0       0       0       0       0       0
      Totals:         0       0       0       0       0       0       0       0       0       0       0       0       0       0       0       0       0
Total ram usage:        0 bytes
 Hardware stack levels used:    1
 Hardware stack levels required when called:    4
 This function calls:
		Nothing
 This function is called by:
		_main
 This function uses a non-reentrant model


 *************** function _EUSART1_Read *****************
 Defined at:
		line 113 in file "mcc_generated_files/eusart1.c"
 Parameters:    Size  Location     Type
		None
 Auto vars:     Size  Location     Type
		None
 Return value:  Size  Location     Type
                  1    wreg      unsigned char 
 Registers used:
		wreg, status,2
 Tracked objects:
		On entry : 
		On exit  : 
		Unchanged: 
 Data sizes:     COMRAM   BANK0   BANK1   BANK2   BANK3   BANK4   BANK5   BANK6   BANK7   BANK8   BANK9  BANK10  BANK11  BANK12  BANK13  BANK14  BANK15
      Params:         0       0       0       0       0       0       0       0       0       0       0       0       0       0       0       0       0
      Locals:         0       0       0       0       0       0       0       0       0       0       0       0       0       0       0       0       0
      Temps:          0       0       0       0       0       0       0       0       0       0       0       0       0       0       0       0       0
      Totals:         0       0       0       0       0       0       0       0       0       0       0       0       0       0       0       0       0
Total ram usage:        0 bytes
 Hardware stack levels used:    1
 Hardware stack levels required when called:    4
 This function calls:
		Nothing
 This function is called by:
		_main
		_getch
 This function uses a non-reentrant model


 *************** function _EPWM2_LoadDutyValue *****************
 Defined at:
		line 90 in file "mcc_generated_files/epwm2.c"
 Parameters:    Size  Location     Type
  dutyValue       2    6[COMRAM] unsigned short 
 Auto vars:     Size  Location     Type
		None
 Return value:  Size  Location     Type
                  1    wreg      void 
 Registers used:
		wreg, status,2, status,0
 Tracked objects:
		On entry : 
		On exit  : 
		Unchanged: 
 Data sizes:     COMRAM   BANK0   BANK1   BANK2   BANK3   BANK4   BANK5   BANK6   BANK7   BANK8   BANK9  BANK10  BANK11  BANK12  BANK13  BANK14  BANK15
      Params:         2       0       0       0       0       0       0       0       0       0       0       0       0       0       0       0       0
      Locals:         0       0       0       0       0       0       0       0       0       0       0       0       0       0       0       0       0
      Temps:          2       0       0       0       0       0       0       0       0       0       0       0       0       0       0       0       0
      Totals:         4       0       0       0       0       0       0       0       0       0       0       0       0       0       0       0       0
Total ram usage:        4 bytes
 Hardware stack levels used:    1
 Hardware stack levels required when called:    4
 This function calls:
		Nothing
 This function is called by:
		_main
 This function uses a non-reentrant model


 *************** function _EPWM1_LoadDutyValue *****************
 Defined at:
		line 90 in file "mcc_generated_files/epwm1.c"
 Parameters:    Size  Location     Type
  dutyValue       2    6[COMRAM] unsigned short 
 Auto vars:     Size  Location     Type
		None
 Return value:  Size  Location     Type
                  1    wreg      void 
 Registers used:
		wreg, status,2, status,0
 Tracked objects:
		On entry : 
		On exit  : 
		Unchanged: 
 Data sizes:     COMRAM   BANK0   BANK1   BANK2   BANK3   BANK4   BANK5   BANK6   BANK7   BANK8   BANK9  BANK10  BANK11  BANK12  BANK13  BANK14  BANK15
      Params:         2       0       0       0       0       0       0       0       0       0       0       0       0       0       0       0       0
      Locals:         0       0       0       0       0       0       0       0       0       0       0       0       0       0       0       0       0
      Temps:          2       0       0       0       0       0       0       0       0       0       0       0       0       0       0       0       0
      Totals:         4       0       0       0       0       0       0       0       0       0       0       0       0       0       0       0       0
Total ram usage:        4 bytes
 Hardware stack levels used:    1
 Hardware stack levels required when called:    4
 This function calls:
		Nothing
 This function is called by:
		_main
 This function uses a non-reentrant model


 *************** function _INTERRUPT_InterruptManager *****************
 Defined at:
		line 58 in file "mcc_generated_files/interrupt_manager.c"
 Parameters:    Size  Location     Type
		None
 Auto vars:     Size  Location     Type
		None
 Return value:  Size  Location     Type
                  1    wreg      void 
 Registers used:
		wreg, status,2, status,0, pclath, tosl, cstack
 Tracked objects:
		On entry : 
		On exit  : 
		Unchanged: 
 Data sizes:     COMRAM   BANK0   BANK1   BANK2   BANK3   BANK4   BANK5   BANK6   BANK7   BANK8   BANK9  BANK10  BANK11  BANK12  BANK13  BANK14  BANK15
      Params:         0       0       0       0       0       0       0       0       0       0       0       0       0       0       0       0       0
      Locals:         0       0       0       0       0       0       0       0       0       0       0       0       0       0       0       0       0
      Temps:          2       0       0       0       0       0       0       0       0       0       0       0       0       0       0       0       0
      Totals:         2       0       0       0       0       0       0       0       0       0       0       0       0       0       0       0       0
Total ram usage:        2 bytes
 Hardware stack levels used:    1
 Hardware stack levels required when called:    3
 This function calls:
		_TMR0_ISR
 This function is called by:
		Interrupt level 2
 This function uses a non-reentrant model


 *************** function _TMR0_ISR *****************
 Defined at:
		line 136 in file "mcc_generated_files/tmr0.c"
 Parameters:    Size  Location     Type
		None
 Auto vars:     Size  Location     Type
		None
 Return value:  Size  Location     Type
                  1    wreg      void 
 Registers used:
		wreg, status,2, status,0, pclath, tosl, cstack
 Tracked objects:
		On entry : 
		On exit  : 
		Unchanged: 
 Data sizes:     COMRAM   BANK0   BANK1   BANK2   BANK3   BANK4   BANK5   BANK6   BANK7   BANK8   BANK9  BANK10  BANK11  BANK12  BANK13  BANK14  BANK15
      Params:         0       0       0       0       0       0       0       0       0       0       0       0       0       0       0       0       0
      Locals:         0       0       0       0       0       0       0       0       0       0       0       0       0       0       0       0       0
      Temps:          0       0       0       0       0       0       0       0       0       0       0       0       0       0       0       0       0
      Totals:         0       0       0       0       0       0       0       0       0       0       0       0       0       0       0       0       0
Total ram usage:        0 bytes
 Hardware stack levels used:    1
 Hardware stack levels required when called:    2
 This function calls:
		Absolute function
		_TMR0_DefaultInterruptHandler
		_myTMR0ISR
 This function is called by:
		_INTERRUPT_InterruptManager
 This function uses a non-reentrant model


 *************** function _TMR0_DefaultInterruptHandler *****************
 Defined at:
		line 160 in file "mcc_generated_files/tmr0.c"
 Parameters:    Size  Location     Type
		None
 Auto vars:     Size  Location     Type
		None
 Return value:  Size  Location     Type
                  1    wreg      void 
 Registers used:
		None
 Tracked objects:
		On entry : 
		On exit  : 
		Unchanged: 
 Data sizes:     COMRAM   BANK0   BANK1   BANK2   BANK3   BANK4   BANK5   BANK6   BANK7   BANK8   BANK9  BANK10  BANK11  BANK12  BANK13  BANK14  BANK15
      Params:         0       0       0       0       0       0       0       0       0       0       0       0       0       0       0       0       0
      Locals:         0       0       0       0       0       0       0       0       0       0       0       0       0       0       0       0       0
      Temps:          0       0       0       0       0       0       0       0       0       0       0       0       0       0       0       0       0
      Totals:         0       0       0       0       0       0       0       0       0       0       0       0       0       0       0       0       0
Total ram usage:        0 bytes
 Hardware stack levels used:    1
 This function calls:
		Nothing
 This function is called by:
		_TMR0_Initialize
		_TMR0_ISR
 This function uses a non-reentrant model


 *************** function _myTMR0ISR *****************
 Defined at:
		line 134 in file "main.c"
 Parameters:    Size  Location     Type
		None
 Auto vars:     Size  Location     Type
		None
 Return value:  Size  Location     Type
                  1    wreg      void 
 Registers used:
		wreg, status,2, status,0, cstack
 Tracked objects:
		On entry : 
		On exit  : 
		Unchanged: 
 Data sizes:     COMRAM   BANK0   BANK1   BANK2   BANK3   BANK4   BANK5   BANK6   BANK7   BANK8   BANK9  BANK10  BANK11  BANK12  BANK13  BANK14  BANK15
      Params:         0       0       0       0       0       0       0       0       0       0       0       0       0       0       0       0       0
      Locals:         0       0       0       0       0       0       0       0       0       0       0       0       0       0       0       0       0
      Temps:          2       0       0       0       0       0       0       0       0       0       0       0       0       0       0       0       0
      Totals:         2       0       0       0       0       0       0       0       0       0       0       0       0       0       0       0       0
Total ram usage:        2 bytes
 Hardware stack levels used:    1
 Hardware stack levels required when called:    1
 This function calls:
		_TMR0_WriteTimer
 This function is called by:
		_main
		_TMR0_ISR
 This function uses a non-reentrant model


 *************** function _TMR0_WriteTimer *****************
 Defined at:
		line 122 in file "mcc_generated_files/tmr0.c"
 Parameters:    Size  Location     Type
  timerVal        2    0[COMRAM] unsigned short 
 Auto vars:     Size  Location     Type
		None
 Return value:  Size  Location     Type
                  1    wreg      void 
 Registers used:
		wreg, status,2
 Tracked objects:
		On entry : 
		On exit  : 
		Unchanged: 
 Data sizes:     COMRAM   BANK0   BANK1   BANK2   BANK3   BANK4   BANK5   BANK6   BANK7   BANK8   BANK9  BANK10  BANK11  BANK12  BANK13  BANK14  BANK15
      Params:         2       0       0       0       0       0       0       0       0       0       0       0       0       0       0       0       0
      Locals:         0       0       0       0       0       0       0       0       0       0       0       0       0       0       0       0       0
      Temps:          0       0       0       0       0       0       0       0       0       0       0       0       0       0       0       0       0
      Totals:         2       0       0       0       0       0       0       0       0       0       0       0       0       0       0       0       0
Total ram usage:        2 bytes
 Hardware stack levels used:    1
 This function calls:
		Nothing
 This function is called by:
		_myTMR0ISR
 This function uses a non-reentrant model



MODULE INFORMATION

Module		Function		Class		Link	Load	Size
C:\Program Files (x86)\Microchip\xc8\v2.10\pic\sources\c99\common\lodiv.c
		___lodiv       		CODE           	0686	0000	241

C:\Program Files (x86)\Microchip\xc8\v2.10\pic\sources\c99\common\lodiv.c estimated size: 241

mcc_generated_files/tmr2.c
		_TMR2_Initialize		CODE           	0DD6	0000	17

mcc_generated_files/tmr2.c estimated size: 17

mcc_generated_files/interrupt_manager.c
		_INTERRUPT_Initialize		CODE           	0E30	0000	5
		_INTERRUPT_InterruptManager		CODE           	0008	0000	55

mcc_generated_files/interrupt_manager.c estimated size: 60

mcc_generated_files/epwm2.c
		_EPWM2_LoadDutyValue		CODE           	0C2E	0000	49
		_EPWM2_Initialize		CODE           	0D32	0000	33

mcc_generated_files/epwm2.c estimated size: 82

C:\Program Files (x86)\Microchip\xc8\v2.10\pic\sources\c99\common\strlen.c
		_strlen        		CODE           	0BC4	0000	55

C:\Program Files (x86)\Microchip\xc8\v2.10\pic\sources\c99\common\strlen.c estimated size: 55

mcc_generated_files/tmr0.c
		_TMR0_SetInterruptHandler		CODE           	0DFE	0000	11
		_TMR0_DefaultInterruptHandler		CODE           	0E34	0000	3
		_TMR0_WriteTimer		CODE           	0E26	0000	11
		_TMR0_ISR      		CODE           	0B8C	0000	57
		_TMR0_Initialize		CODE           	0BFA	0000	53

mcc_generated_files/tmr0.c estimated size: 135

mcc_generated_files/pin_manager.c
		_PIN_MANAGER_Initialize		CODE           	0C8E	0000	47

mcc_generated_files/pin_manager.c estimated size: 47

C:\Program Files (x86)\Microchip\xc8\v2.10\pic\sources\c99\common\doprnt.c
		_vfpfcnvrt     		CODE           	0276	0000	527
		_pad           		CODE           	0846	0000	199
		_ctoa          		CODE           	0AB0	0000	91
		_vfprintf      		CODE           	0A4C	0000	101
		_utoa          		CODE           	0484	0000	515

C:\Program Files (x86)\Microchip\xc8\v2.10\pic\sources\c99\common\doprnt.c estimated size: 1433

C:\Program Files (x86)\Microchip\xc8\v2.10\pic\sources\c99\common\nf_fputs.c
		_fputs         		CODE           	0B0A	0000	69

C:\Program Files (x86)\Microchip\xc8\v2.10\pic\sources\c99\common\nf_fputs.c estimated size: 69

shared
		__initialization		CODE           	0D72	0000	21

shared estimated size: 21

mcc_generated_files/eusart1.c
		_EUSART1_is_rx_ready		CODE           	0DC2	0000	21
		_EUSART1_Initialize		CODE           	0B4E	0000	63
		_putch         		CODE           	0DF4	0000	11
		_EUSART1_SetFramingErrorHandler		CODE           	0E12	0000	11
		_EUSART1_Read  		CODE           	0CE4	0000	41
		_EUSART1_SetOverrunErrorHandler		CODE           	0E08	0000	11
		_EUSART1_SetErrorHandler		CODE           	0E1C	0000	11
		_EUSART1_Write 		CODE           	0DAC	0000	23

mcc_generated_files/eusart1.c estimated size: 192

mcc_generated_files/mcc.c
		_OSCILLATOR_Initialize		CODE           	0DE6	0000	15
		_SYSTEM_Initialize		CODE           	0D0C	0000	39

mcc_generated_files/mcc.c estimated size: 54

C:\Program Files (x86)\Microchip\xc8\v2.10\pic\sources\c99\common\lomod.c
		___lomod       		CODE           	0776	0000	209

C:\Program Files (x86)\Microchip\xc8\v2.10\pic\sources\c99\common\lomod.c estimated size: 209

mcc_generated_files/tmr1.c
		_TMR1_Initialize		CODE           	0D90	0000	29

mcc_generated_files/tmr1.c estimated size: 29

mcc_generated_files/epwm1.c
		_EPWM1_LoadDutyValue		CODE           	0C5E	0000	49
		_EPWM1_Initialize		CODE           	0D52	0000	33

mcc_generated_files/epwm1.c estimated size: 82

main.c
		_main          		CODE           	0042	0000	565
		_myTMR0ISR     		CODE           	090C	0000	171

main.c estimated size: 736

C:\Program Files (x86)\Microchip\xc8\v2.10\pic\sources\c99\common\printf.c
		_printf        		CODE           	0CBC	0000	41

C:\Program Files (x86)\Microchip\xc8\v2.10\pic\sources\c99\common\printf.c estimated size: 41

C:\Program Files (x86)\Microchip\xc8\v2.10\pic\sources\c99\common\nf_fputc.c
		_fputc         		CODE           	09B6	0000	151

C:\Program Files (x86)\Microchip\xc8\v2.10\pic\sources\c99\common\nf_fputc.c estimated size: 151

